[templates/mpsod-protostar/favicon.ico]
[media/jui/js/jquery.min9a46.js]
[index.php/component/search/indexbea1.html]
[media/jui/js/jquery-noconflict9a46.js]
[media/jui/js/jquery-migrate.min9a46.js]
[media/system/js/caption9a46.js]
[media/jui/js/bootstrap.min9a46.js]
[templates/mpsod-protostar/js/template.js]
[images/mpsod-visual-id/mpsopendata_logo_dkbkgrnd.png]
[images/mpsod-visual-id/nsf4.png]
[index-2.html]
[media/jui/fonts/IcoMoon.eot]
[media/jui/fonts/IcoMoond41d.eot]
[media/jui/fonts/IcoMoon.woff]
[media/jui/fonts/IcoMoon.ttf]
[images/mpsod-visual-id/mpsopendata_logo_full.png]
[templates/mpsod-protostar/css/template.css]
[index-3.html]
[images/Reports/MPS_Workshop_Report_FinalVersion.pdf]
[index.php/final-report.html]
[index.php/component/search/index8f41.html]
[index.php/component/search/index6e14.html]
[index.php/workshop-1/about-w1.html]
[index.php/component/search/index1e86.html]
[index.php/w-2/about-w2.html]
[index.php/reference-reading-materials.html]
[media/jui/fonts/IcoMoon.svg]
[images/MPS_SLIDES/AF_MPS_Slides.pdf]
[index.php/component/search/indexe3bd.html]
[index.php/component/search/indexd573.html]
[images/MPS_SLIDES/Amy.pptx]
[images/MPS_SLIDES/CR_MPS_slides.pdf]
[images/MPS_SLIDES/Carly.pptx]
[images/MPS_SLIDES/Bob.pptx]
[images/MPS_SLIDES/JL_MPS_slides.pdf]
[images/MPS_SLIDES/Jennie.pptx]
[images/MPS_SLIDES/GA_MPS_slides.pdf]
[images/MPS_SLIDES/Anita.pdf]
[images/MPS_SLIDES/Anita.pptx]
[images/MPS_SLIDES/JeremyGarritano_MPS_Slides.pdf]
[images/MPS_SLIDES/Angie.pptx]
[images/MPS_SLIDES/NM_MPS_slides.pdf]
[images/MPS_SLIDES/Andrew.pdf]
[images/MPS_SLIDES/ChemMatSciBreakOut1.pptx]
[images/MPS_SLIDES/PhysicsSession1.pdf]
[images/MPS_SLIDES/ChemMatSci2.pptx]
[images/MPS_SLIDES/AstroBreakoutgroup.pdf]
[images/MPS_SLIDES/PhysicsSession2.pdf]
[images/MPS_SLIDES/CMSFridayMorning.pptx]
[images/MPS_SLIDES/PhysicsFridayMorning.pdf]
[index.php/workshop-1/schedule.html]
[index.php/workshop-1/registration.html]
[index.php/workshop-1/hotel-and-travel.html]
[index.php/workshop-1/workshop-organizers.html]
[index.php/workshop-1/attendees.html]
[index.php/component/search/index2e95.html]
[index.php/component/search/index66cd.html]
[index.php/component/search/indexbe1d.html]
[index.php/component/search/index0885.html]
[index.php/w-2/schedule-w2.html]
[index.php/w-2/registration-w2.html]
[index.php/w-2/hotel-and-travel-w2.html]
[index.php/w-2/workshop-organizers-w2.html]
[index.php/component/search/indexfbf0.html]
[index.php/component/search/index0499.html]
[index.php/component/search/index58ff.html]
[index.php/component/search/index9df7.html]
[index.php/w-2/attendees-w2.html]
[images/MPS_SLIDES/index.html]
[images/MPS_SLIDES/AstroFridayMorning.html]
[index.php/component/search/indexb5c6.html]
